Log file created at: 2018/12/24 15:06:53
Running on machine: mesos-master
Log line format: [IWEF]mmdd hh:mm:ss.uuuuuu threadid file:line] msg
I1224 15:06:53.701190     1 logging.cpp:201] INFO level logging started!
I1224 15:06:53.702900     1 main.cpp:242] Build: 2018-09-21 14:54:37 by ubuntu
I1224 15:06:53.702929     1 main.cpp:243] Version: 1.7.0
I1224 15:06:53.702944     1 main.cpp:246] Git tag: 1.7.0
I1224 15:06:53.702955     1 main.cpp:250] Git SHA: 8419b870c571ac11825c883fa20ea3b7d4348d34
I1224 15:06:53.711983     1 main.cpp:344] Using 'hierarchical' allocator
I1224 15:06:53.718132    14 master.cpp:413] Master 364dbe82-7cb6-45e3-a354-3db8bd9c0355 (172.19.10.16) started on 172.19.10.16:5050
I1224 15:06:53.718173    14 master.cpp:416] Flags at startup: --agent_ping_timeout="15secs" --agent_reregister_timeout="10mins" --allocation_interval="1secs" --allocator="hierarchical" --authenticate_agents="false" --authenticate_frameworks="false" --authenticate_http_frameworks="false" --authenticate_http_readonly="false" --authenticate_http_readwrite="false" --authentication_v0_timeout="15secs" --authenticators="crammd5" --authorizers="local" --filter_gpu_resources="true" --framework_sorter="drf" --help="false" --hostname="172.19.10.16" --hostname_lookup="true" --http_authenticators="basic" --initialize_driver_logging="true" --ip="172.19.10.16" --log_auto_initialize="true" --log_dir="/var/log/mesos" --logbufsecs="0" --logging_level="INFO" --max_agent_ping_timeouts="5" --max_completed_frameworks="50" --max_completed_tasks_per_framework="1000" --max_unreachable_tasks_per_framework="1000" --memory_profiling="false" --min_allocatable_resources="cpus:0.01|mem:32" --port="5050" --quiet="false" --quorum="2" --recovery_agent_removal_limit="100%" --registry="in_memory" --registry_fetch_timeout="1mins" --registry_gc_interval="15mins" --registry_max_agent_age="2weeks" --registry_max_agent_count="102400" --registry_store_timeout="20secs" --registry_strict="false" --require_agent_domain="false" --role_sorter="drf" --root_submissions="true" --version="false" --webui_dir="/usr/share/mesos/webui" --work_dir="/var/tmp/mesos" --zk="zk://172.19.10.11:2181,172.19.10.12:2181,172.19.10.13:2181/mesos" --zk_session_timeout="10secs"
I1224 15:06:53.718379    14 master.cpp:467] Master allowing unauthenticated frameworks to register
I1224 15:06:53.718400    14 master.cpp:473] Master allowing unauthenticated agents to register
I1224 15:06:53.718413    14 master.cpp:480] Master allowing HTTP frameworks to register without authentication
I1224 15:06:53.718436    14 master.cpp:521] Using default 'crammd5' authenticator
W1224 15:06:53.718453    14 authenticator.cpp:513] No credentials provided, authentication requests will be refused
I1224 15:06:53.718595    14 authenticator.cpp:520] Initializing server SASL
I1224 15:06:53.743540    14 master.cpp:2047] Successfully attached file '/var/log/mesos/mesos-master.INFO'
I1224 15:06:53.747670    12 contender.cpp:152] Joining the ZK group
I1224 15:07:03.204068    13 group.cpp:341] Group process (zookeeper-group(1)@172.19.10.16:5050) connected to ZooKeeper
I1224 15:07:03.204138    13 group.cpp:831] Syncing group operations: queue size (joins, cancels, datas) = (1, 0, 0)
I1224 15:07:03.204162    13 group.cpp:419] Trying to create path '/mesos' in ZooKeeper
I1224 15:07:03.259068    15 contender.cpp:268] New candidate (id='0') has entered the contest for leadership
W1224 15:07:03.725724    15 group.cpp:495] Timed out waiting to connect to ZooKeeper. Forcing ZooKeeper session (sessionId=0) expiration
I1224 15:07:03.725967    15 group.cpp:511] ZooKeeper session expired
I1224 15:07:03.774628     9 group.cpp:341] Group process (zookeeper-group(2)@172.19.10.16:5050) connected to ZooKeeper
I1224 15:07:03.774806     9 group.cpp:831] Syncing group operations: queue size (joins, cancels, datas) = (0, 0, 0)
I1224 15:07:03.774912     9 group.cpp:419] Trying to create path '/mesos' in ZooKeeper
I1224 15:07:03.784591     9 detector.cpp:152] Detected a new leader: (id='0')
I1224 15:07:03.784837     9 group.cpp:700] Trying to get '/mesos/json.info_0000000000' in ZooKeeper
I1224 15:07:03.786924    14 zookeeper.cpp:262] A new leading master (UPID=master@172.19.10.16:5050) is detected
I1224 15:07:03.787139    14 master.cpp:2113] Elected as the leading master!
I1224 15:07:03.787166    14 master.cpp:1668] Recovering from registrar
I1224 15:07:03.788003     8 registrar.cpp:383] Successfully fetched the registry (0B) in 763904ns
I1224 15:07:03.788244     8 registrar.cpp:487] Applied 1 operations in 67164ns; attempting to update the registry
I1224 15:07:03.788509    15 registrar.cpp:544] Successfully updated the registry in 221184ns
I1224 15:07:03.788697    15 registrar.cpp:416] Successfully recovered registrar
I1224 15:07:03.788961    15 master.cpp:1782] Recovered 0 agents from the registry (137B); allowing 10mins for agents to reregister
I1224 15:07:06.641942    13 master.cpp:2884] Received SUBSCRIBE call for framework 'marathon' at scheduler-31eb7edd-e0b2-494a-8cac-50bd4ddba3dc@172.19.10.20:38689
I1224 15:07:06.642215    13 master.cpp:2965] Subscribing framework marathon with checkpointing enabled and capabilities [ PARTITION_AWARE, REGION_AWARE ]
I1224 15:07:06.643005    13 master.cpp:9860] Adding framework 364dbe82-7cb6-45e3-a354-3db8bd9c0355-0000 (marathon) at scheduler-31eb7edd-e0b2-494a-8cac-50bd4ddba3dc@172.19.10.20:38689 with roles {  } suppressed
I1224 15:07:06.643822    13 hierarchical.cpp:306] Added framework 364dbe82-7cb6-45e3-a354-3db8bd9c0355-0000
I1224 15:07:11.480439     9 master.cpp:5950] Processing REVIVE call for framework 364dbe82-7cb6-45e3-a354-3db8bd9c0355-0000 (marathon) at scheduler-31eb7edd-e0b2-494a-8cac-50bd4ddba3dc@172.19.10.20:38689
I1224 15:07:11.480676     8 hierarchical.cpp:1385] Revived offers for roles { * } of framework 364dbe82-7cb6-45e3-a354-3db8bd9c0355-0000
I1224 15:07:16.498562     9 master.cpp:5950] Processing REVIVE call for framework 364dbe82-7cb6-45e3-a354-3db8bd9c0355-0000 (marathon) at scheduler-31eb7edd-e0b2-494a-8cac-50bd4ddba3dc@172.19.10.20:38689
I1224 15:07:16.499218    11 hierarchical.cpp:1385] Revived offers for roles { * } of framework 364dbe82-7cb6-45e3-a354-3db8bd9c0355-0000
I1224 15:07:21.518496    11 master.cpp:5950] Processing REVIVE call for framework 364dbe82-7cb6-45e3-a354-3db8bd9c0355-0000 (marathon) at scheduler-31eb7edd-e0b2-494a-8cac-50bd4ddba3dc@172.19.10.20:38689
I1224 15:07:21.518695    12 hierarchical.cpp:1385] Revived offers for roles { * } of framework 364dbe82-7cb6-45e3-a354-3db8bd9c0355-0000
I1224 15:07:21.585855    13 master.cpp:8889] Performing implicit task state reconciliation for framework 364dbe82-7cb6-45e3-a354-3db8bd9c0355-0000 (marathon) at scheduler-31eb7edd-e0b2-494a-8cac-50bd4ddba3dc@172.19.10.20:38689
I1224 15:07:21.608794     8 master.cpp:8955] Performing explicit task state reconciliation for 1 tasks of framework 364dbe82-7cb6-45e3-a354-3db8bd9c0355-0000 (marathon) at scheduler-31eb7edd-e0b2-494a-8cac-50bd4ddba3dc@172.19.10.20:38689
I1224 15:07:36.628284    13 master.cpp:8955] Performing explicit task state reconciliation for 1 tasks of framework 364dbe82-7cb6-45e3-a354-3db8bd9c0355-0000 (marathon) at scheduler-31eb7edd-e0b2-494a-8cac-50bd4ddba3dc@172.19.10.20:38689
I1224 15:07:51.674074    15 master.cpp:8955] Performing explicit task state reconciliation for 1 tasks of framework 364dbe82-7cb6-45e3-a354-3db8bd9c0355-0000 (marathon) at scheduler-31eb7edd-e0b2-494a-8cac-50bd4ddba3dc@172.19.10.20:38689
I1224 15:07:52.041476    14 group.cpp:452] Lost connection to ZooKeeper, attempting to reconnect ...
I1224 15:07:52.041597    11 group.cpp:452] Lost connection to ZooKeeper, attempting to reconnect ...
I1224 15:07:52.241477    10 master.cpp:1396] Framework 364dbe82-7cb6-45e3-a354-3db8bd9c0355-0000 (marathon) at scheduler-31eb7edd-e0b2-494a-8cac-50bd4ddba3dc@172.19.10.20:38689 disconnected
I1224 15:07:52.241542    10 master.cpp:3260] Deactivating framework 364dbe82-7cb6-45e3-a354-3db8bd9c0355-0000 (marathon) at scheduler-31eb7edd-e0b2-494a-8cac-50bd4ddba3dc@172.19.10.20:38689
I1224 15:07:52.241600    12 hierarchical.cpp:420] Deactivated framework 364dbe82-7cb6-45e3-a354-3db8bd9c0355-0000
I1224 15:07:52.241643    10 master.cpp:3237] Disconnecting framework 364dbe82-7cb6-45e3-a354-3db8bd9c0355-0000 (marathon) at scheduler-31eb7edd-e0b2-494a-8cac-50bd4ddba3dc@172.19.10.20:38689
I1224 15:07:52.241669    10 master.cpp:1411] Giving framework 364dbe82-7cb6-45e3-a354-3db8bd9c0355-0000 (marathon) at scheduler-31eb7edd-e0b2-494a-8cac-50bd4ddba3dc@172.19.10.20:38689 1weeks to failover
W1224 15:07:52.241508    16 process.cpp:1873] Failed to send 'mesos.internal.FrameworkErrorMessage' to '172.19.10.20:38689', connect: Failed to connect to 172.19.10.20:38689: Connection refused
