Log file created at: 2018/12/23 14:58:48
Running on machine: mesos-master
Log line format: [IWEF]mmdd hh:mm:ss.uuuuuu threadid file:line] msg
I1223 14:58:48.165560     1 logging.cpp:201] INFO level logging started!
I1223 14:58:48.165999     1 main.cpp:242] Build: 2018-09-21 14:54:37 by ubuntu
I1223 14:58:48.166023     1 main.cpp:243] Version: 1.7.0
I1223 14:58:48.166038     1 main.cpp:246] Git tag: 1.7.0
I1223 14:58:48.166050     1 main.cpp:250] Git SHA: 8419b870c571ac11825c883fa20ea3b7d4348d34
I1223 14:58:48.167166     1 main.cpp:344] Using 'hierarchical' allocator
I1223 14:58:48.168829     1 master.cpp:413] Master 80152af4-d9d4-4b48-a448-bb2cb74b6987 (172.19.10.15) started on 172.19.10.15:5050
I1223 14:58:48.168862     1 master.cpp:416] Flags at startup: --agent_ping_timeout="15secs" --agent_reregister_timeout="10mins" --allocation_interval="1secs" --allocator="hierarchical" --authenticate_agents="false" --authenticate_frameworks="false" --authenticate_http_frameworks="false" --authenticate_http_readonly="false" --authenticate_http_readwrite="false" --authentication_v0_timeout="15secs" --authenticators="crammd5" --authorizers="local" --filter_gpu_resources="true" --framework_sorter="drf" --help="false" --hostname="172.19.10.15" --hostname_lookup="true" --http_authenticators="basic" --initialize_driver_logging="true" --ip="172.19.10.15" --log_auto_initialize="true" --log_dir="/var/log/mesos" --logbufsecs="0" --logging_level="INFO" --max_agent_ping_timeouts="5" --max_completed_frameworks="50" --max_completed_tasks_per_framework="1000" --max_unreachable_tasks_per_framework="1000" --memory_profiling="false" --min_allocatable_resources="cpus:0.01|mem:32" --port="5050" --quiet="false" --quorum="2" --recovery_agent_removal_limit="100%" --registry="in_memory" --registry_fetch_timeout="1mins" --registry_gc_interval="15mins" --registry_max_agent_age="2weeks" --registry_max_agent_count="102400" --registry_store_timeout="20secs" --registry_strict="false" --require_agent_domain="false" --role_sorter="drf" --root_submissions="true" --version="false" --webui_dir="/usr/share/mesos/webui" --work_dir="/var/tmp/mesos" --zk="zk://172.19.10.11:2181,172.19.10.12:2181,172.19.10.13:2181/mesos" --zk_session_timeout="10secs"
I1223 14:58:48.169030     1 master.cpp:467] Master allowing unauthenticated frameworks to register
I1223 14:58:48.169041     1 master.cpp:473] Master allowing unauthenticated agents to register
I1223 14:58:48.169049     1 master.cpp:480] Master allowing HTTP frameworks to register without authentication
I1223 14:58:48.169061     1 master.cpp:521] Using default 'crammd5' authenticator
W1223 14:58:48.169072     1 authenticator.cpp:513] No credentials provided, authentication requests will be refused
I1223 14:58:48.169219     1 authenticator.cpp:520] Initializing server SASL
I1223 14:58:48.172243    13 master.cpp:2047] Successfully attached file '/var/log/mesos/mesos-master.INFO'
I1223 14:58:48.176014    12 contender.cpp:152] Joining the ZK group
I1223 14:58:57.656991    15 group.cpp:341] Group process (zookeeper-group(1)@172.19.10.15:5050) connected to ZooKeeper
I1223 14:58:57.657055    15 group.cpp:831] Syncing group operations: queue size (joins, cancels, datas) = (1, 0, 0)
I1223 14:58:57.657089    15 group.cpp:419] Trying to create path '/mesos' in ZooKeeper
I1223 14:58:57.675328    13 group.cpp:341] Group process (zookeeper-group(2)@172.19.10.15:5050) connected to ZooKeeper
I1223 14:58:57.675396    13 group.cpp:831] Syncing group operations: queue size (joins, cancels, datas) = (0, 0, 0)
I1223 14:58:57.675420    13 group.cpp:419] Trying to create path '/mesos' in ZooKeeper
I1223 14:58:57.722457    11 contender.cpp:268] New candidate (id='0') has entered the contest for leadership
I1223 14:58:57.734673    13 detector.cpp:152] Detected a new leader: (id='0')
I1223 14:58:57.734848    13 group.cpp:700] Trying to get '/mesos/json.info_0000000000' in ZooKeeper
I1223 14:58:57.738502     8 zookeeper.cpp:262] A new leading master (UPID=master@172.19.10.15:5050) is detected
I1223 14:58:57.738622     8 master.cpp:2113] Elected as the leading master!
I1223 14:58:57.738764     8 master.cpp:1668] Recovering from registrar
I1223 14:58:57.739629    13 registrar.cpp:383] Successfully fetched the registry (0B) in 773888ns
I1223 14:58:57.739919    13 registrar.cpp:487] Applied 1 operations in 99591ns; attempting to update the registry
I1223 14:58:57.741400    13 registrar.cpp:544] Successfully updated the registry in 1.356032ms
I1223 14:58:57.741662    13 registrar.cpp:416] Successfully recovered registrar
I1223 14:58:57.741933    11 master.cpp:1782] Recovered 0 agents from the registry (136B); allowing 10mins for agents to reregister
I1223 14:59:01.909168    14 master.cpp:2884] Received SUBSCRIBE call for framework 'marathon' at scheduler-7c2ebec8-60c5-4a4f-a9b4-8fa4cd28bfe0@172.19.10.20:40203
I1223 14:59:01.909288    14 master.cpp:2965] Subscribing framework marathon with checkpointing enabled and capabilities [ PARTITION_AWARE, REGION_AWARE ]
I1223 14:59:01.909981    14 master.cpp:9860] Adding framework 80152af4-d9d4-4b48-a448-bb2cb74b6987-0000 (marathon) at scheduler-7c2ebec8-60c5-4a4f-a9b4-8fa4cd28bfe0@172.19.10.20:40203 with roles {  } suppressed
I1223 14:59:01.910985    14 hierarchical.cpp:306] Added framework 80152af4-d9d4-4b48-a448-bb2cb74b6987-0000
I1223 14:59:06.776238    11 master.cpp:5950] Processing REVIVE call for framework 80152af4-d9d4-4b48-a448-bb2cb74b6987-0000 (marathon) at scheduler-7c2ebec8-60c5-4a4f-a9b4-8fa4cd28bfe0@172.19.10.20:40203
I1223 14:59:06.776721    14 hierarchical.cpp:1385] Revived offers for roles { * } of framework 80152af4-d9d4-4b48-a448-bb2cb74b6987-0000
I1223 14:59:11.795188    14 master.cpp:5950] Processing REVIVE call for framework 80152af4-d9d4-4b48-a448-bb2cb74b6987-0000 (marathon) at scheduler-7c2ebec8-60c5-4a4f-a9b4-8fa4cd28bfe0@172.19.10.20:40203
I1223 14:59:11.795665    13 hierarchical.cpp:1385] Revived offers for roles { * } of framework 80152af4-d9d4-4b48-a448-bb2cb74b6987-0000
I1223 14:59:16.814543    14 master.cpp:5950] Processing REVIVE call for framework 80152af4-d9d4-4b48-a448-bb2cb74b6987-0000 (marathon) at scheduler-7c2ebec8-60c5-4a4f-a9b4-8fa4cd28bfe0@172.19.10.20:40203
I1223 14:59:16.814720    14 hierarchical.cpp:1385] Revived offers for roles { * } of framework 80152af4-d9d4-4b48-a448-bb2cb74b6987-0000
I1223 14:59:16.856806    12 master.cpp:8889] Performing implicit task state reconciliation for framework 80152af4-d9d4-4b48-a448-bb2cb74b6987-0000 (marathon) at scheduler-7c2ebec8-60c5-4a4f-a9b4-8fa4cd28bfe0@172.19.10.20:40203
I1223 14:59:16.883981    10 master.cpp:8955] Performing explicit task state reconciliation for 1 tasks of framework 80152af4-d9d4-4b48-a448-bb2cb74b6987-0000 (marathon) at scheduler-7c2ebec8-60c5-4a4f-a9b4-8fa4cd28bfe0@172.19.10.20:40203
I1223 14:59:31.904423    12 master.cpp:8955] Performing explicit task state reconciliation for 1 tasks of framework 80152af4-d9d4-4b48-a448-bb2cb74b6987-0000 (marathon) at scheduler-7c2ebec8-60c5-4a4f-a9b4-8fa4cd28bfe0@172.19.10.20:40203
I1223 14:59:46.924734     9 master.cpp:8955] Performing explicit task state reconciliation for 1 tasks of framework 80152af4-d9d4-4b48-a448-bb2cb74b6987-0000 (marathon) at scheduler-7c2ebec8-60c5-4a4f-a9b4-8fa4cd28bfe0@172.19.10.20:40203
I1223 15:00:01.944293     8 master.cpp:8955] Performing explicit task state reconciliation for 1 tasks of framework 80152af4-d9d4-4b48-a448-bb2cb74b6987-0000 (marathon) at scheduler-7c2ebec8-60c5-4a4f-a9b4-8fa4cd28bfe0@172.19.10.20:40203
I1223 15:00:16.964115    15 master.cpp:8955] Performing explicit task state reconciliation for 1 tasks of framework 80152af4-d9d4-4b48-a448-bb2cb74b6987-0000 (marathon) at scheduler-7c2ebec8-60c5-4a4f-a9b4-8fa4cd28bfe0@172.19.10.20:40203
I1223 15:00:31.985188    10 master.cpp:8955] Performing explicit task state reconciliation for 1 tasks of framework 80152af4-d9d4-4b48-a448-bb2cb74b6987-0000 (marathon) at scheduler-7c2ebec8-60c5-4a4f-a9b4-8fa4cd28bfe0@172.19.10.20:40203
I1223 15:00:47.004689    13 master.cpp:8955] Performing explicit task state reconciliation for 1 tasks of framework 80152af4-d9d4-4b48-a448-bb2cb74b6987-0000 (marathon) at scheduler-7c2ebec8-60c5-4a4f-a9b4-8fa4cd28bfe0@172.19.10.20:40203
I1223 15:01:02.024035    12 master.cpp:8955] Performing explicit task state reconciliation for 1 tasks of framework 80152af4-d9d4-4b48-a448-bb2cb74b6987-0000 (marathon) at scheduler-7c2ebec8-60c5-4a4f-a9b4-8fa4cd28bfe0@172.19.10.20:40203
I1223 15:01:17.043877     8 master.cpp:8955] Performing explicit task state reconciliation for 1 tasks of framework 80152af4-d9d4-4b48-a448-bb2cb74b6987-0000 (marathon) at scheduler-7c2ebec8-60c5-4a4f-a9b4-8fa4cd28bfe0@172.19.10.20:40203
I1223 15:01:32.064378    11 master.cpp:8955] Performing explicit task state reconciliation for 1 tasks of framework 80152af4-d9d4-4b48-a448-bb2cb74b6987-0000 (marathon) at scheduler-7c2ebec8-60c5-4a4f-a9b4-8fa4cd28bfe0@172.19.10.20:40203
I1223 15:01:47.084374    15 master.cpp:8955] Performing explicit task state reconciliation for 1 tasks of framework 80152af4-d9d4-4b48-a448-bb2cb74b6987-0000 (marathon) at scheduler-7c2ebec8-60c5-4a4f-a9b4-8fa4cd28bfe0@172.19.10.20:40203
I1223 15:02:02.103935    14 master.cpp:8955] Performing explicit task state reconciliation for 1 tasks of framework 80152af4-d9d4-4b48-a448-bb2cb74b6987-0000 (marathon) at scheduler-7c2ebec8-60c5-4a4f-a9b4-8fa4cd28bfe0@172.19.10.20:40203
I1223 15:02:17.124770    12 master.cpp:8955] Performing explicit task state reconciliation for 1 tasks of framework 80152af4-d9d4-4b48-a448-bb2cb74b6987-0000 (marathon) at scheduler-7c2ebec8-60c5-4a4f-a9b4-8fa4cd28bfe0@172.19.10.20:40203
I1223 15:02:32.143949     8 master.cpp:8955] Performing explicit task state reconciliation for 1 tasks of framework 80152af4-d9d4-4b48-a448-bb2cb74b6987-0000 (marathon) at scheduler-7c2ebec8-60c5-4a4f-a9b4-8fa4cd28bfe0@172.19.10.20:40203
I1223 15:02:47.164125     9 master.cpp:8955] Performing explicit task state reconciliation for 1 tasks of framework 80152af4-d9d4-4b48-a448-bb2cb74b6987-0000 (marathon) at scheduler-7c2ebec8-60c5-4a4f-a9b4-8fa4cd28bfe0@172.19.10.20:40203
I1223 15:03:02.184224    11 master.cpp:8955] Performing explicit task state reconciliation for 1 tasks of framework 80152af4-d9d4-4b48-a448-bb2cb74b6987-0000 (marathon) at scheduler-7c2ebec8-60c5-4a4f-a9b4-8fa4cd28bfe0@172.19.10.20:40203
I1223 15:03:17.204795    14 master.cpp:8955] Performing explicit task state reconciliation for 1 tasks of framework 80152af4-d9d4-4b48-a448-bb2cb74b6987-0000 (marathon) at scheduler-7c2ebec8-60c5-4a4f-a9b4-8fa4cd28bfe0@172.19.10.20:40203
I1223 15:03:32.225044    12 master.cpp:8955] Performing explicit task state reconciliation for 1 tasks of framework 80152af4-d9d4-4b48-a448-bb2cb74b6987-0000 (marathon) at scheduler-7c2ebec8-60c5-4a4f-a9b4-8fa4cd28bfe0@172.19.10.20:40203
I1223 15:03:47.244343     8 master.cpp:8955] Performing explicit task state reconciliation for 1 tasks of framework 80152af4-d9d4-4b48-a448-bb2cb74b6987-0000 (marathon) at scheduler-7c2ebec8-60c5-4a4f-a9b4-8fa4cd28bfe0@172.19.10.20:40203
I1223 15:04:02.264319     9 master.cpp:8955] Performing explicit task state reconciliation for 1 tasks of framework 80152af4-d9d4-4b48-a448-bb2cb74b6987-0000 (marathon) at scheduler-7c2ebec8-60c5-4a4f-a9b4-8fa4cd28bfe0@172.19.10.20:40203
I1223 15:04:17.284569    13 master.cpp:8955] Performing explicit task state reconciliation for 1 tasks of framework 80152af4-d9d4-4b48-a448-bb2cb74b6987-0000 (marathon) at scheduler-7c2ebec8-60c5-4a4f-a9b4-8fa4cd28bfe0@172.19.10.20:40203
I1223 15:04:32.304407    14 master.cpp:8955] Performing explicit task state reconciliation for 1 tasks of framework 80152af4-d9d4-4b48-a448-bb2cb74b6987-0000 (marathon) at scheduler-7c2ebec8-60c5-4a4f-a9b4-8fa4cd28bfe0@172.19.10.20:40203
I1223 15:04:47.323854    12 master.cpp:8955] Performing explicit task state reconciliation for 1 tasks of framework 80152af4-d9d4-4b48-a448-bb2cb74b6987-0000 (marathon) at scheduler-7c2ebec8-60c5-4a4f-a9b4-8fa4cd28bfe0@172.19.10.20:40203
I1223 15:05:02.344470     8 master.cpp:8955] Performing explicit task state reconciliation for 1 tasks of framework 80152af4-d9d4-4b48-a448-bb2cb74b6987-0000 (marathon) at scheduler-7c2ebec8-60c5-4a4f-a9b4-8fa4cd28bfe0@172.19.10.20:40203
I1223 15:05:17.364183    10 master.cpp:8955] Performing explicit task state reconciliation for 1 tasks of framework 80152af4-d9d4-4b48-a448-bb2cb74b6987-0000 (marathon) at scheduler-7c2ebec8-60c5-4a4f-a9b4-8fa4cd28bfe0@172.19.10.20:40203
I1223 15:05:32.383699    13 master.cpp:8955] Performing explicit task state reconciliation for 1 tasks of framework 80152af4-d9d4-4b48-a448-bb2cb74b6987-0000 (marathon) at scheduler-7c2ebec8-60c5-4a4f-a9b4-8fa4cd28bfe0@172.19.10.20:40203
I1223 15:05:47.403915    14 master.cpp:8955] Performing explicit task state reconciliation for 1 tasks of framework 80152af4-d9d4-4b48-a448-bb2cb74b6987-0000 (marathon) at scheduler-7c2ebec8-60c5-4a4f-a9b4-8fa4cd28bfe0@172.19.10.20:40203
I1223 15:06:02.424170    12 master.cpp:8955] Performing explicit task state reconciliation for 1 tasks of framework 80152af4-d9d4-4b48-a448-bb2cb74b6987-0000 (marathon) at scheduler-7c2ebec8-60c5-4a4f-a9b4-8fa4cd28bfe0@172.19.10.20:40203
I1223 15:06:17.443194    11 master.cpp:8955] Performing explicit task state reconciliation for 1 tasks of framework 80152af4-d9d4-4b48-a448-bb2cb74b6987-0000 (marathon) at scheduler-7c2ebec8-60c5-4a4f-a9b4-8fa4cd28bfe0@172.19.10.20:40203
I1223 15:06:32.463814    10 master.cpp:8955] Performing explicit task state reconciliation for 1 tasks of framework 80152af4-d9d4-4b48-a448-bb2cb74b6987-0000 (marathon) at scheduler-7c2ebec8-60c5-4a4f-a9b4-8fa4cd28bfe0@172.19.10.20:40203
I1223 15:06:47.485071     8 master.cpp:8955] Performing explicit task state reconciliation for 1 tasks of framework 80152af4-d9d4-4b48-a448-bb2cb74b6987-0000 (marathon) at scheduler-7c2ebec8-60c5-4a4f-a9b4-8fa4cd28bfe0@172.19.10.20:40203
I1223 15:07:02.503921    15 master.cpp:8955] Performing explicit task state reconciliation for 1 tasks of framework 80152af4-d9d4-4b48-a448-bb2cb74b6987-0000 (marathon) at scheduler-7c2ebec8-60c5-4a4f-a9b4-8fa4cd28bfe0@172.19.10.20:40203
I1223 15:07:17.524307    11 master.cpp:8955] Performing explicit task state reconciliation for 1 tasks of framework 80152af4-d9d4-4b48-a448-bb2cb74b6987-0000 (marathon) at scheduler-7c2ebec8-60c5-4a4f-a9b4-8fa4cd28bfe0@172.19.10.20:40203
I1223 15:07:32.544340    15 master.cpp:8955] Performing explicit task state reconciliation for 1 tasks of framework 80152af4-d9d4-4b48-a448-bb2cb74b6987-0000 (marathon) at scheduler-7c2ebec8-60c5-4a4f-a9b4-8fa4cd28bfe0@172.19.10.20:40203
I1223 15:07:47.564303    10 master.cpp:8955] Performing explicit task state reconciliation for 1 tasks of framework 80152af4-d9d4-4b48-a448-bb2cb74b6987-0000 (marathon) at scheduler-7c2ebec8-60c5-4a4f-a9b4-8fa4cd28bfe0@172.19.10.20:40203
I1223 15:07:52.073312    11 group.cpp:452] Lost connection to ZooKeeper, attempting to reconnect ...
I1223 15:07:52.080956    14 group.cpp:341] Group process (zookeeper-group(2)@172.19.10.15:5050) reconnected to ZooKeeper
I1223 15:07:52.081039    14 group.cpp:831] Syncing group operations: queue size (joins, cancels, datas) = (0, 0, 0)
I1223 15:07:54.324796     8 group.cpp:452] Lost connection to ZooKeeper, attempting to reconnect ...
I1223 15:07:54.830158    14 group.cpp:452] Lost connection to ZooKeeper, attempting to reconnect ...
I1223 15:07:55.381263     8 master.cpp:1396] Framework 80152af4-d9d4-4b48-a448-bb2cb74b6987-0000 (marathon) at scheduler-7c2ebec8-60c5-4a4f-a9b4-8fa4cd28bfe0@172.19.10.20:40203 disconnected
W1223 15:07:55.381357    16 process.cpp:1873] Failed to send 'mesos.internal.FrameworkErrorMessage' to '172.19.10.20:40203', connect: Failed to connect to 172.19.10.20:40203: Connection refused
I1223 15:07:55.381405     8 master.cpp:3260] Deactivating framework 80152af4-d9d4-4b48-a448-bb2cb74b6987-0000 (marathon) at scheduler-7c2ebec8-60c5-4a4f-a9b4-8fa4cd28bfe0@172.19.10.20:40203
I1223 15:07:55.381790     8 master.cpp:3237] Disconnecting framework 80152af4-d9d4-4b48-a448-bb2cb74b6987-0000 (marathon) at scheduler-7c2ebec8-60c5-4a4f-a9b4-8fa4cd28bfe0@172.19.10.20:40203
I1223 15:07:55.381837    11 hierarchical.cpp:420] Deactivated framework 80152af4-d9d4-4b48-a448-bb2cb74b6987-0000
I1223 15:07:55.381865     8 master.cpp:1411] Giving framework 80152af4-d9d4-4b48-a448-bb2cb74b6987-0000 (marathon) at scheduler-7c2ebec8-60c5-4a4f-a9b4-8fa4cd28bfe0@172.19.10.20:40203 1weeks to failover
W1223 15:08:04.325876     9 group.cpp:495] Timed out waiting to connect to ZooKeeper. Forcing ZooKeeper session (sessionId=20018713c300000) expiration
I1223 15:08:04.326656     9 group.cpp:511] ZooKeeper session expired
I1223 15:08:04.326848    15 contender.cpp:217] Membership cancelled: 0
E1223 15:08:04.327036    15 master.cpp:2087] EXIT with status 1: Lost candidacy as a leader... committing suicide!
